

================================================================
== Vivado HLS Report for 'my_prj'
================================================================
* Date:           Wed Sep 23 16:51:00 2020

* Version:        2019.1 (Build 2552052 on Fri May 24 15:28:33 MDT 2019)
* Project:        my_prj_prj
* Solution:       solution1
* Product family: virtexuplus
* Target device:  xcvu9p-flgc2104-1-e


================================================================
== Performance Estimates
================================================================
+ Timing (ns): 
    * Summary: 
    +--------+-------+----------+------------+
    |  Clock | Target| Estimated| Uncertainty|
    +--------+-------+----------+------------+
    |ap_clk  |   4.17|     3.601|        0.52|
    +--------+-------+----------+------------+

+ Latency (clock cycles): 
    * Summary: 
    +-----+-----+-----+-----+----------+
    |  Latency  |  Interval | Pipeline |
    | min | max | min | max |   Type   |
    +-----+-----+-----+-----+----------+
    |    6|    6|    1|    1| function |
    +-----+-----+-----+-----+----------+

    + Detail: 
        * Instance: 
        +--------------------------------+---------------------+-----+-----+-----+-----+----------+
        |                                |                     |  Latency  |  Interval | Pipeline |
        |            Instance            |        Module       | min | max | min | max |   Type   |
        +--------------------------------+---------------------+-----+-----+-----+-----+----------+
        |grp_decision_function_1_fu_989  |decision_function_1  |    5|    5|    1|    1| function |
        +--------------------------------+---------------------+-----+-----+-----+-----+----------+

        * Loop: 
        N/A



================================================================
== Utilization Estimates
================================================================
* Summary: 
+---------------------+---------+-------+---------+---------+-----+
|         Name        | BRAM_18K| DSP48E|    FF   |   LUT   | URAM|
+---------------------+---------+-------+---------+---------+-----+
|DSP                  |        -|      -|        -|        -|    -|
|Expression           |        -|      -|        0|        4|    -|
|FIFO                 |        -|      -|        -|        -|    -|
|Instance             |        -|      -|    43929|   141561|    -|
|Memory               |        -|      -|        -|        -|    -|
|Multiplexer          |        -|      -|        -|        -|    -|
|Register             |        -|      -|        7|        -|    -|
+---------------------+---------+-------+---------+---------+-----+
|Total                |        0|      0|    43936|   141565|    0|
+---------------------+---------+-------+---------+---------+-----+
|Available SLR        |     1440|   2280|   788160|   394080|  320|
+---------------------+---------+-------+---------+---------+-----+
|Utilization SLR (%)  |        0|      0|        5|       35|    0|
+---------------------+---------+-------+---------+---------+-----+
|Available            |     4320|   6840|  2364480|  1182240|  960|
+---------------------+---------+-------+---------+---------+-----+
|Utilization (%)      |        0|      0|        1|       11|    0|
+---------------------+---------+-------+---------+---------+-----+

+ Detail: 
    * Instance: 
    +--------------------------------+---------------------+---------+-------+-------+--------+-----+
    |            Instance            |        Module       | BRAM_18K| DSP48E|   FF  |   LUT  | URAM|
    +--------------------------------+---------------------+---------+-------+-------+--------+-----+
    |grp_decision_function_1_fu_989  |decision_function_1  |        0|      0|  43929|  141561|    0|
    +--------------------------------+---------------------+---------+-------+-------+--------+-----+
    |Total                           |                     |        0|      0|  43929|  141561|    0|
    +--------------------------------+---------------------+---------+-------+-------+--------+-----+

    * DSP48E: 
    N/A

    * Memory: 
    N/A

    * FIFO: 
    N/A

    * Expression: 
    +---------------------------+----------+-------+---+----+------------+------------+
    |       Variable Name       | Operation| DSP48E| FF| LUT| Bitwidth P0| Bitwidth P1|
    +---------------------------+----------+-------+---+----+------------+------------+
    |ap_block_pp0_stage0_01001  |    and   |      0|  0|   2|           1|           1|
    |ap_enable_pp0              |    xor   |      0|  0|   2|           1|           2|
    +---------------------------+----------+-------+---+----+------------+------------+
    |Total                      |          |      0|  0|   4|           2|           3|
    +---------------------------+----------+-------+---+----+------------+------------+

    * Multiplexer: 
    N/A

    * Register: 
    +-------------------------+---+----+-----+-----------+
    |           Name          | FF| LUT| Bits| Const Bits|
    +-------------------------+---+----+-----+-----------+
    |ap_CS_fsm                |  1|   0|    1|          0|
    |ap_enable_reg_pp0_iter1  |  1|   0|    1|          0|
    |ap_enable_reg_pp0_iter2  |  1|   0|    1|          0|
    |ap_enable_reg_pp0_iter3  |  1|   0|    1|          0|
    |ap_enable_reg_pp0_iter4  |  1|   0|    1|          0|
    |ap_enable_reg_pp0_iter5  |  1|   0|    1|          0|
    |ap_enable_reg_pp0_iter6  |  1|   0|    1|          0|
    +-------------------------+---+----+-----+-----------+
    |Total                    |  7|   0|    7|          0|
    +-------------------------+---+----+-----+-----------+



================================================================
== Interface
================================================================
* Summary: 
+-------------------------+-----+-----+------------+------------------+--------------+
|        RTL Ports        | Dir | Bits|  Protocol  |   Source Object  |    C Type    |
+-------------------------+-----+-----+------------+------------------+--------------+
|ap_clk                   |  in |    1| ap_ctrl_hs |      my_prj      | return value |
|ap_rst                   |  in |    1| ap_ctrl_hs |      my_prj      | return value |
|ap_start                 |  in |    1| ap_ctrl_hs |      my_prj      | return value |
|ap_done                  | out |    1| ap_ctrl_hs |      my_prj      | return value |
|ap_idle                  | out |    1| ap_ctrl_hs |      my_prj      | return value |
|ap_ready                 | out |    1| ap_ctrl_hs |      my_prj      | return value |
|x_0_V                    |  in |   11|   ap_none  |       x_0_V      |    pointer   |
|x_1_V                    |  in |   11|   ap_none  |       x_1_V      |    pointer   |
|x_2_V                    |  in |   11|   ap_none  |       x_2_V      |    pointer   |
|x_3_V                    |  in |   11|   ap_none  |       x_3_V      |    pointer   |
|x_4_V                    |  in |   11|   ap_none  |       x_4_V      |    pointer   |
|x_5_V                    |  in |   11|   ap_none  |       x_5_V      |    pointer   |
|x_6_V                    |  in |   11|   ap_none  |       x_6_V      |    pointer   |
|score_0_V                | out |   11|   ap_vld   |     score_0_V    |    pointer   |
|score_0_V_ap_vld         | out |    1|   ap_vld   |     score_0_V    |    pointer   |
|score_1_V                |  in |   11|   ap_none  |     score_1_V    |    pointer   |
|tree_scores_0_V          | out |   11|   ap_vld   |  tree_scores_0_V |    pointer   |
|tree_scores_0_V_ap_vld   | out |    1|   ap_vld   |  tree_scores_0_V |    pointer   |
|tree_scores_1_V          | out |   11|   ap_vld   |  tree_scores_1_V |    pointer   |
|tree_scores_1_V_ap_vld   | out |    1|   ap_vld   |  tree_scores_1_V |    pointer   |
|tree_scores_2_V          | out |   11|   ap_vld   |  tree_scores_2_V |    pointer   |
|tree_scores_2_V_ap_vld   | out |    1|   ap_vld   |  tree_scores_2_V |    pointer   |
|tree_scores_3_V          | out |   11|   ap_vld   |  tree_scores_3_V |    pointer   |
|tree_scores_3_V_ap_vld   | out |    1|   ap_vld   |  tree_scores_3_V |    pointer   |
|tree_scores_4_V          | out |   11|   ap_vld   |  tree_scores_4_V |    pointer   |
|tree_scores_4_V_ap_vld   | out |    1|   ap_vld   |  tree_scores_4_V |    pointer   |
|tree_scores_5_V          | out |   11|   ap_vld   |  tree_scores_5_V |    pointer   |
|tree_scores_5_V_ap_vld   | out |    1|   ap_vld   |  tree_scores_5_V |    pointer   |
|tree_scores_6_V          | out |   11|   ap_vld   |  tree_scores_6_V |    pointer   |
|tree_scores_6_V_ap_vld   | out |    1|   ap_vld   |  tree_scores_6_V |    pointer   |
|tree_scores_7_V          | out |   11|   ap_vld   |  tree_scores_7_V |    pointer   |
|tree_scores_7_V_ap_vld   | out |    1|   ap_vld   |  tree_scores_7_V |    pointer   |
|tree_scores_8_V          | out |   11|   ap_vld   |  tree_scores_8_V |    pointer   |
|tree_scores_8_V_ap_vld   | out |    1|   ap_vld   |  tree_scores_8_V |    pointer   |
|tree_scores_9_V          | out |   11|   ap_vld   |  tree_scores_9_V |    pointer   |
|tree_scores_9_V_ap_vld   | out |    1|   ap_vld   |  tree_scores_9_V |    pointer   |
|tree_scores_10_V         | out |   11|   ap_vld   | tree_scores_10_V |    pointer   |
|tree_scores_10_V_ap_vld  | out |    1|   ap_vld   | tree_scores_10_V |    pointer   |
|tree_scores_11_V         | out |   11|   ap_vld   | tree_scores_11_V |    pointer   |
|tree_scores_11_V_ap_vld  | out |    1|   ap_vld   | tree_scores_11_V |    pointer   |
|tree_scores_12_V         | out |   11|   ap_vld   | tree_scores_12_V |    pointer   |
|tree_scores_12_V_ap_vld  | out |    1|   ap_vld   | tree_scores_12_V |    pointer   |
|tree_scores_13_V         | out |   11|   ap_vld   | tree_scores_13_V |    pointer   |
|tree_scores_13_V_ap_vld  | out |    1|   ap_vld   | tree_scores_13_V |    pointer   |
|tree_scores_14_V         | out |   11|   ap_vld   | tree_scores_14_V |    pointer   |
|tree_scores_14_V_ap_vld  | out |    1|   ap_vld   | tree_scores_14_V |    pointer   |
|tree_scores_15_V         | out |   11|   ap_vld   | tree_scores_15_V |    pointer   |
|tree_scores_15_V_ap_vld  | out |    1|   ap_vld   | tree_scores_15_V |    pointer   |
|tree_scores_16_V         | out |   11|   ap_vld   | tree_scores_16_V |    pointer   |
|tree_scores_16_V_ap_vld  | out |    1|   ap_vld   | tree_scores_16_V |    pointer   |
|tree_scores_17_V         | out |   11|   ap_vld   | tree_scores_17_V |    pointer   |
|tree_scores_17_V_ap_vld  | out |    1|   ap_vld   | tree_scores_17_V |    pointer   |
|tree_scores_18_V         | out |   11|   ap_vld   | tree_scores_18_V |    pointer   |
|tree_scores_18_V_ap_vld  | out |    1|   ap_vld   | tree_scores_18_V |    pointer   |
|tree_scores_19_V         | out |   11|   ap_vld   | tree_scores_19_V |    pointer   |
|tree_scores_19_V_ap_vld  | out |    1|   ap_vld   | tree_scores_19_V |    pointer   |
|tree_scores_20_V         | out |   11|   ap_vld   | tree_scores_20_V |    pointer   |
|tree_scores_20_V_ap_vld  | out |    1|   ap_vld   | tree_scores_20_V |    pointer   |
|tree_scores_21_V         | out |   11|   ap_vld   | tree_scores_21_V |    pointer   |
|tree_scores_21_V_ap_vld  | out |    1|   ap_vld   | tree_scores_21_V |    pointer   |
|tree_scores_22_V         | out |   11|   ap_vld   | tree_scores_22_V |    pointer   |
|tree_scores_22_V_ap_vld  | out |    1|   ap_vld   | tree_scores_22_V |    pointer   |
|tree_scores_23_V         | out |   11|   ap_vld   | tree_scores_23_V |    pointer   |
|tree_scores_23_V_ap_vld  | out |    1|   ap_vld   | tree_scores_23_V |    pointer   |
|tree_scores_24_V         | out |   11|   ap_vld   | tree_scores_24_V |    pointer   |
|tree_scores_24_V_ap_vld  | out |    1|   ap_vld   | tree_scores_24_V |    pointer   |
|tree_scores_25_V         | out |   11|   ap_vld   | tree_scores_25_V |    pointer   |
|tree_scores_25_V_ap_vld  | out |    1|   ap_vld   | tree_scores_25_V |    pointer   |
|tree_scores_26_V         | out |   11|   ap_vld   | tree_scores_26_V |    pointer   |
|tree_scores_26_V_ap_vld  | out |    1|   ap_vld   | tree_scores_26_V |    pointer   |
|tree_scores_27_V         | out |   11|   ap_vld   | tree_scores_27_V |    pointer   |
|tree_scores_27_V_ap_vld  | out |    1|   ap_vld   | tree_scores_27_V |    pointer   |
|tree_scores_28_V         | out |   11|   ap_vld   | tree_scores_28_V |    pointer   |
|tree_scores_28_V_ap_vld  | out |    1|   ap_vld   | tree_scores_28_V |    pointer   |
|tree_scores_29_V         | out |   11|   ap_vld   | tree_scores_29_V |    pointer   |
|tree_scores_29_V_ap_vld  | out |    1|   ap_vld   | tree_scores_29_V |    pointer   |
|tree_scores_30_V         | out |   11|   ap_vld   | tree_scores_30_V |    pointer   |
|tree_scores_30_V_ap_vld  | out |    1|   ap_vld   | tree_scores_30_V |    pointer   |
|tree_scores_31_V         | out |   11|   ap_vld   | tree_scores_31_V |    pointer   |
|tree_scores_31_V_ap_vld  | out |    1|   ap_vld   | tree_scores_31_V |    pointer   |
|tree_scores_32_V         | out |   11|   ap_vld   | tree_scores_32_V |    pointer   |
|tree_scores_32_V_ap_vld  | out |    1|   ap_vld   | tree_scores_32_V |    pointer   |
|tree_scores_33_V         | out |   11|   ap_vld   | tree_scores_33_V |    pointer   |
|tree_scores_33_V_ap_vld  | out |    1|   ap_vld   | tree_scores_33_V |    pointer   |
|tree_scores_34_V         | out |   11|   ap_vld   | tree_scores_34_V |    pointer   |
|tree_scores_34_V_ap_vld  | out |    1|   ap_vld   | tree_scores_34_V |    pointer   |
|tree_scores_35_V         | out |   11|   ap_vld   | tree_scores_35_V |    pointer   |
|tree_scores_35_V_ap_vld  | out |    1|   ap_vld   | tree_scores_35_V |    pointer   |
|tree_scores_36_V         | out |   11|   ap_vld   | tree_scores_36_V |    pointer   |
|tree_scores_36_V_ap_vld  | out |    1|   ap_vld   | tree_scores_36_V |    pointer   |
|tree_scores_37_V         | out |   11|   ap_vld   | tree_scores_37_V |    pointer   |
|tree_scores_37_V_ap_vld  | out |    1|   ap_vld   | tree_scores_37_V |    pointer   |
|tree_scores_38_V         | out |   11|   ap_vld   | tree_scores_38_V |    pointer   |
|tree_scores_38_V_ap_vld  | out |    1|   ap_vld   | tree_scores_38_V |    pointer   |
|tree_scores_39_V         | out |   11|   ap_vld   | tree_scores_39_V |    pointer   |
|tree_scores_39_V_ap_vld  | out |    1|   ap_vld   | tree_scores_39_V |    pointer   |
|tree_scores_40_V         | out |   11|   ap_vld   | tree_scores_40_V |    pointer   |
|tree_scores_40_V_ap_vld  | out |    1|   ap_vld   | tree_scores_40_V |    pointer   |
|tree_scores_41_V         | out |   11|   ap_vld   | tree_scores_41_V |    pointer   |
|tree_scores_41_V_ap_vld  | out |    1|   ap_vld   | tree_scores_41_V |    pointer   |
|tree_scores_42_V         | out |   11|   ap_vld   | tree_scores_42_V |    pointer   |
|tree_scores_42_V_ap_vld  | out |    1|   ap_vld   | tree_scores_42_V |    pointer   |
|tree_scores_43_V         | out |   11|   ap_vld   | tree_scores_43_V |    pointer   |
|tree_scores_43_V_ap_vld  | out |    1|   ap_vld   | tree_scores_43_V |    pointer   |
|tree_scores_44_V         | out |   11|   ap_vld   | tree_scores_44_V |    pointer   |
|tree_scores_44_V_ap_vld  | out |    1|   ap_vld   | tree_scores_44_V |    pointer   |
|tree_scores_45_V         | out |   11|   ap_vld   | tree_scores_45_V |    pointer   |
|tree_scores_45_V_ap_vld  | out |    1|   ap_vld   | tree_scores_45_V |    pointer   |
|tree_scores_46_V         | out |   11|   ap_vld   | tree_scores_46_V |    pointer   |
|tree_scores_46_V_ap_vld  | out |    1|   ap_vld   | tree_scores_46_V |    pointer   |
|tree_scores_47_V         | out |   11|   ap_vld   | tree_scores_47_V |    pointer   |
|tree_scores_47_V_ap_vld  | out |    1|   ap_vld   | tree_scores_47_V |    pointer   |
|tree_scores_48_V         | out |   11|   ap_vld   | tree_scores_48_V |    pointer   |
|tree_scores_48_V_ap_vld  | out |    1|   ap_vld   | tree_scores_48_V |    pointer   |
|tree_scores_49_V         | out |   11|   ap_vld   | tree_scores_49_V |    pointer   |
|tree_scores_49_V_ap_vld  | out |    1|   ap_vld   | tree_scores_49_V |    pointer   |
|tree_scores_50_V         | out |   11|   ap_vld   | tree_scores_50_V |    pointer   |
|tree_scores_50_V_ap_vld  | out |    1|   ap_vld   | tree_scores_50_V |    pointer   |
|tree_scores_51_V         | out |   11|   ap_vld   | tree_scores_51_V |    pointer   |
|tree_scores_51_V_ap_vld  | out |    1|   ap_vld   | tree_scores_51_V |    pointer   |
|tree_scores_52_V         | out |   11|   ap_vld   | tree_scores_52_V |    pointer   |
|tree_scores_52_V_ap_vld  | out |    1|   ap_vld   | tree_scores_52_V |    pointer   |
|tree_scores_53_V         | out |   11|   ap_vld   | tree_scores_53_V |    pointer   |
|tree_scores_53_V_ap_vld  | out |    1|   ap_vld   | tree_scores_53_V |    pointer   |
|tree_scores_54_V         | out |   11|   ap_vld   | tree_scores_54_V |    pointer   |
|tree_scores_54_V_ap_vld  | out |    1|   ap_vld   | tree_scores_54_V |    pointer   |
|tree_scores_55_V         | out |   11|   ap_vld   | tree_scores_55_V |    pointer   |
|tree_scores_55_V_ap_vld  | out |    1|   ap_vld   | tree_scores_55_V |    pointer   |
|tree_scores_56_V         | out |   11|   ap_vld   | tree_scores_56_V |    pointer   |
|tree_scores_56_V_ap_vld  | out |    1|   ap_vld   | tree_scores_56_V |    pointer   |
|tree_scores_57_V         | out |   11|   ap_vld   | tree_scores_57_V |    pointer   |
|tree_scores_57_V_ap_vld  | out |    1|   ap_vld   | tree_scores_57_V |    pointer   |
|tree_scores_58_V         | out |   11|   ap_vld   | tree_scores_58_V |    pointer   |
|tree_scores_58_V_ap_vld  | out |    1|   ap_vld   | tree_scores_58_V |    pointer   |
|tree_scores_59_V         | out |   11|   ap_vld   | tree_scores_59_V |    pointer   |
|tree_scores_59_V_ap_vld  | out |    1|   ap_vld   | tree_scores_59_V |    pointer   |
|tree_scores_60_V         | out |   11|   ap_vld   | tree_scores_60_V |    pointer   |
|tree_scores_60_V_ap_vld  | out |    1|   ap_vld   | tree_scores_60_V |    pointer   |
|tree_scores_61_V         | out |   11|   ap_vld   | tree_scores_61_V |    pointer   |
|tree_scores_61_V_ap_vld  | out |    1|   ap_vld   | tree_scores_61_V |    pointer   |
|tree_scores_62_V         | out |   11|   ap_vld   | tree_scores_62_V |    pointer   |
|tree_scores_62_V_ap_vld  | out |    1|   ap_vld   | tree_scores_62_V |    pointer   |
|tree_scores_63_V         | out |   11|   ap_vld   | tree_scores_63_V |    pointer   |
|tree_scores_63_V_ap_vld  | out |    1|   ap_vld   | tree_scores_63_V |    pointer   |
|tree_scores_64_V         | out |   11|   ap_vld   | tree_scores_64_V |    pointer   |
|tree_scores_64_V_ap_vld  | out |    1|   ap_vld   | tree_scores_64_V |    pointer   |
|tree_scores_65_V         | out |   11|   ap_vld   | tree_scores_65_V |    pointer   |
|tree_scores_65_V_ap_vld  | out |    1|   ap_vld   | tree_scores_65_V |    pointer   |
|tree_scores_66_V         | out |   11|   ap_vld   | tree_scores_66_V |    pointer   |
|tree_scores_66_V_ap_vld  | out |    1|   ap_vld   | tree_scores_66_V |    pointer   |
|tree_scores_67_V         | out |   11|   ap_vld   | tree_scores_67_V |    pointer   |
|tree_scores_67_V_ap_vld  | out |    1|   ap_vld   | tree_scores_67_V |    pointer   |
|tree_scores_68_V         | out |   11|   ap_vld   | tree_scores_68_V |    pointer   |
|tree_scores_68_V_ap_vld  | out |    1|   ap_vld   | tree_scores_68_V |    pointer   |
|tree_scores_69_V         | out |   11|   ap_vld   | tree_scores_69_V |    pointer   |
|tree_scores_69_V_ap_vld  | out |    1|   ap_vld   | tree_scores_69_V |    pointer   |
|tree_scores_70_V         | out |   11|   ap_vld   | tree_scores_70_V |    pointer   |
|tree_scores_70_V_ap_vld  | out |    1|   ap_vld   | tree_scores_70_V |    pointer   |
|tree_scores_71_V         | out |   11|   ap_vld   | tree_scores_71_V |    pointer   |
|tree_scores_71_V_ap_vld  | out |    1|   ap_vld   | tree_scores_71_V |    pointer   |
|tree_scores_72_V         | out |   11|   ap_vld   | tree_scores_72_V |    pointer   |
|tree_scores_72_V_ap_vld  | out |    1|   ap_vld   | tree_scores_72_V |    pointer   |
|tree_scores_73_V         | out |   11|   ap_vld   | tree_scores_73_V |    pointer   |
|tree_scores_73_V_ap_vld  | out |    1|   ap_vld   | tree_scores_73_V |    pointer   |
|tree_scores_74_V         | out |   11|   ap_vld   | tree_scores_74_V |    pointer   |
|tree_scores_74_V_ap_vld  | out |    1|   ap_vld   | tree_scores_74_V |    pointer   |
|tree_scores_75_V         | out |   11|   ap_vld   | tree_scores_75_V |    pointer   |
|tree_scores_75_V_ap_vld  | out |    1|   ap_vld   | tree_scores_75_V |    pointer   |
|tree_scores_76_V         | out |   11|   ap_vld   | tree_scores_76_V |    pointer   |
|tree_scores_76_V_ap_vld  | out |    1|   ap_vld   | tree_scores_76_V |    pointer   |
|tree_scores_77_V         | out |   11|   ap_vld   | tree_scores_77_V |    pointer   |
|tree_scores_77_V_ap_vld  | out |    1|   ap_vld   | tree_scores_77_V |    pointer   |
|tree_scores_78_V         | out |   11|   ap_vld   | tree_scores_78_V |    pointer   |
|tree_scores_78_V_ap_vld  | out |    1|   ap_vld   | tree_scores_78_V |    pointer   |
|tree_scores_79_V         | out |   11|   ap_vld   | tree_scores_79_V |    pointer   |
|tree_scores_79_V_ap_vld  | out |    1|   ap_vld   | tree_scores_79_V |    pointer   |
|tree_scores_80_V         | out |   11|   ap_vld   | tree_scores_80_V |    pointer   |
|tree_scores_80_V_ap_vld  | out |    1|   ap_vld   | tree_scores_80_V |    pointer   |
|tree_scores_81_V         | out |   11|   ap_vld   | tree_scores_81_V |    pointer   |
|tree_scores_81_V_ap_vld  | out |    1|   ap_vld   | tree_scores_81_V |    pointer   |
|tree_scores_82_V         | out |   11|   ap_vld   | tree_scores_82_V |    pointer   |
|tree_scores_82_V_ap_vld  | out |    1|   ap_vld   | tree_scores_82_V |    pointer   |
|tree_scores_83_V         | out |   11|   ap_vld   | tree_scores_83_V |    pointer   |
|tree_scores_83_V_ap_vld  | out |    1|   ap_vld   | tree_scores_83_V |    pointer   |
|tree_scores_84_V         | out |   11|   ap_vld   | tree_scores_84_V |    pointer   |
|tree_scores_84_V_ap_vld  | out |    1|   ap_vld   | tree_scores_84_V |    pointer   |
|tree_scores_85_V         | out |   11|   ap_vld   | tree_scores_85_V |    pointer   |
|tree_scores_85_V_ap_vld  | out |    1|   ap_vld   | tree_scores_85_V |    pointer   |
|tree_scores_86_V         | out |   11|   ap_vld   | tree_scores_86_V |    pointer   |
|tree_scores_86_V_ap_vld  | out |    1|   ap_vld   | tree_scores_86_V |    pointer   |
|tree_scores_87_V         | out |   11|   ap_vld   | tree_scores_87_V |    pointer   |
|tree_scores_87_V_ap_vld  | out |    1|   ap_vld   | tree_scores_87_V |    pointer   |
|tree_scores_88_V         | out |   11|   ap_vld   | tree_scores_88_V |    pointer   |
|tree_scores_88_V_ap_vld  | out |    1|   ap_vld   | tree_scores_88_V |    pointer   |
|tree_scores_89_V         | out |   11|   ap_vld   | tree_scores_89_V |    pointer   |
|tree_scores_89_V_ap_vld  | out |    1|   ap_vld   | tree_scores_89_V |    pointer   |
|tree_scores_90_V         | out |   11|   ap_vld   | tree_scores_90_V |    pointer   |
|tree_scores_90_V_ap_vld  | out |    1|   ap_vld   | tree_scores_90_V |    pointer   |
|tree_scores_91_V         | out |   11|   ap_vld   | tree_scores_91_V |    pointer   |
|tree_scores_91_V_ap_vld  | out |    1|   ap_vld   | tree_scores_91_V |    pointer   |
|tree_scores_92_V         | out |   11|   ap_vld   | tree_scores_92_V |    pointer   |
|tree_scores_92_V_ap_vld  | out |    1|   ap_vld   | tree_scores_92_V |    pointer   |
|tree_scores_93_V         | out |   11|   ap_vld   | tree_scores_93_V |    pointer   |
|tree_scores_93_V_ap_vld  | out |    1|   ap_vld   | tree_scores_93_V |    pointer   |
|tree_scores_94_V         | out |   11|   ap_vld   | tree_scores_94_V |    pointer   |
|tree_scores_94_V_ap_vld  | out |    1|   ap_vld   | tree_scores_94_V |    pointer   |
|tree_scores_95_V         | out |   11|   ap_vld   | tree_scores_95_V |    pointer   |
|tree_scores_95_V_ap_vld  | out |    1|   ap_vld   | tree_scores_95_V |    pointer   |
|tree_scores_96_V         | out |   11|   ap_vld   | tree_scores_96_V |    pointer   |
|tree_scores_96_V_ap_vld  | out |    1|   ap_vld   | tree_scores_96_V |    pointer   |
|tree_scores_97_V         | out |   11|   ap_vld   | tree_scores_97_V |    pointer   |
|tree_scores_97_V_ap_vld  | out |    1|   ap_vld   | tree_scores_97_V |    pointer   |
|tree_scores_98_V         | out |   11|   ap_vld   | tree_scores_98_V |    pointer   |
|tree_scores_98_V_ap_vld  | out |    1|   ap_vld   | tree_scores_98_V |    pointer   |
|tree_scores_99_V         | out |   11|   ap_vld   | tree_scores_99_V |    pointer   |
|tree_scores_99_V_ap_vld  | out |    1|   ap_vld   | tree_scores_99_V |    pointer   |
+-------------------------+-----+-----+------------+------------------+--------------+

